nxd_mqtt_client.c:112:6:_nxd_mqtt_client_set_fixed_header	56	static
nxd_mqtt_client.c:194:6:_nxd_mqtt_read_remaining_length	56	static
nxd_mqtt_client.c:307:6:_nxd_mqtt_client_sub_unsub	56	static
nxd_mqtt_client.c:544:13:_nxd_mqtt_packet_allocate	24	static
nxd_mqtt_client.c:623:13:_nxd_mqtt_tcp_establish_notify	24	static
nxd_mqtt_client.c:686:13:_nxd_mqtt_receive_callback	24	static
nxd_mqtt_client.c:754:13:_nxd_mqtt_copy_transmit_packet	32	static
nxd_mqtt_client.c:829:13:_nxd_mqtt_release_transmit_packet	24	static
nxd_mqtt_client.c:896:13:_nxd_mqtt_release_receive_packet	24	static
nxd_mqtt_client.c:964:13:_nxd_mqtt_process_connack	32	static
nxd_mqtt_client.c:1104:6:_nxd_mqtt_process_publish_packet	56	static
nxd_mqtt_client.c:1216:13:_nxd_mqtt_process_publish	80	static
nxd_mqtt_client.c:1477:13:_nxd_mqtt_process_publish_response	64	static
nxd_mqtt_client.c:1674:13:_nxd_mqtt_process_sub_unsub_ack	64	static
nxd_mqtt_client.c:1816:13:_nxd_mqtt_process_pingresp	16	static
nxd_mqtt_client.c:1877:13:_nxd_mqtt_process_disconnect	40	static
nxd_mqtt_client.c:2028:13:_nxd_mqtt_packet_receive_process	64	static
nxd_mqtt_client.c:2299:13:_nxd_mqtt_tcp_establish_process	24	static
nxd_mqtt_client.c:2395:13:_nxd_mqtt_tls_establish_process	24	static
nxd_mqtt_client.c:2490:6:_nxd_mqtt_client_append_message	40	static
nxd_mqtt_client.c:2562:6:_nxd_mqtt_client_connection_end	16	static
nxd_mqtt_client.c:2640:13:_nxd_mqtt_periodic_timer_entry	32	static
nxd_mqtt_client.c:2730:13:_nxd_mqtt_client_event_process	32	static
nxd_mqtt_client.c:2942:13:_mqtt_client_disconnect_callback	24	static
nxd_mqtt_client.c:3010:6:_nxd_mqtt_client_create	56	static
nxd_mqtt_client.c:3139:13:_nxd_mqtt_client_create_internal	56	static
nxd_mqtt_client.c:3289:6:_nxd_mqtt_client_login_set	32	static
nxd_mqtt_client.c:3366:6:_nxd_mqtt_client_will_message_set	32	static
nxd_mqtt_client.c:3455:6:_nxde_mqtt_client_will_message_set	40	static
nxd_mqtt_client.c:3533:6:_nxde_mqtt_client_login_set	32	static
nxd_mqtt_client.c:3601:13:_nxd_mqtt_client_retransmit_message	40	static
nxd_mqtt_client.c:3743:6:_nxd_mqtt_client_connect	80	static
nxd_mqtt_client.c:4065:6:_nxd_mqtt_client_connect_packet_send	56	static
nxd_mqtt_client.c:4323:6:_nxd_mqtt_client_secure_connect	48	static
nxd_mqtt_client.c:4395:6:_nxd_mqtt_client_delete	16	static
nxd_mqtt_client.c:4477:6:_nxd_mqtt_client_publish_packet_send	48	static
nxd_mqtt_client.c:4613:6:_nxd_mqtt_client_publish	56	static
nxd_mqtt_client.c:4816:6:_nxd_mqtt_client_subscribe	32	static
nxd_mqtt_client.c:4878:6:_nxd_mqtt_client_unsubscribe	32	static
nxd_mqtt_client.c:4933:13:_nxd_mqtt_send_simple_message	32	static
nxd_mqtt_client.c:5054:6:_nxd_mqtt_client_disconnect	24	static
nxd_mqtt_client.c:5131:6:_nxd_mqtt_client_receive_notify_set	16	static
nxd_mqtt_client.c:5200:6:_nxd_mqtt_client_message_get	56	static
nxd_mqtt_client.c:5305:6:_nxde_mqtt_client_create	56	static
nxd_mqtt_client.c:5374:6:_nxde_mqtt_client_connect	40	static
nxd_mqtt_client.c:5459:6:_nxde_mqtt_client_secure_connect	48	static
nxd_mqtt_client.c:5531:6:_nxde_mqtt_client_delete	24	static
nxd_mqtt_client.c:5597:6:_nxde_mqtt_client_publish	40	static
nxd_mqtt_client.c:5677:6:_nxde_mqtt_client_subscribe	24	static
nxd_mqtt_client.c:5748:6:_nxde_mqtt_client_unsubscribe	24	static
nxd_mqtt_client.c:5807:6:_nxde_mqtt_client_disconnect	16	static
nxd_mqtt_client.c:5870:6:_nxde_mqtt_client_message_get	40	static
nxd_mqtt_client.c:5939:6:_nxde_mqtt_client_receive_notify_set	16	static
nxd_mqtt_client.c:6001:6:_nxd_mqtt_client_disconnect_notify_set	16	static
nxd_mqtt_client.c:6053:6:_nxde_mqtt_client_disconnect_notify_set	16	static
nxd_mqtt_client.c:6114:6:_nxd_mqtt_client_cloud_create	56	static
