nxd_http_client.c:95:7:_nxe_http_client_create	40	static
nxd_http_client.c:169:7:_nx_http_client_create	56	static
nxd_http_client.c:255:7:_nxe_http_client_delete	24	static,ignoring_inline_asm
nxd_http_client.c:317:7:_nx_http_client_delete	16	static
nxd_http_client.c:390:7:_nxe_http_client_set_connect_port	24	static
nxd_http_client.c:456:7:_nx_http_client_set_connect_port	16	static
nxd_http_client.c:512:7:_nxe_http_client_get_start	48	static,ignoring_inline_asm
nxd_http_client.c:597:7:_nxe_http_client_get_start_extended	64	static,ignoring_inline_asm
nxd_http_client.c:687:7:_nx_http_client_get_start	56	static
nxd_http_client.c:774:7:_nx_http_client_get_start_extended	72	static
nxd_http_client.c:859:7:_nxde_http_client_get_start	48	static,ignoring_inline_asm
nxd_http_client.c:934:7:_nxde_http_client_get_start_extended	64	static,ignoring_inline_asm
nxd_http_client.c:1010:7:_nxd_http_client_get_start	72	static
nxd_http_client.c:1120:7:_nxd_http_client_get_start_extended	192	static
nxd_http_client.c:1526:7:_nxe_http_client_get_packet	32	static,ignoring_inline_asm
nxd_http_client.c:1593:7:_nx_http_client_get_packet	32	static
nxd_http_client.c:1737:7:_nxe_http_client_put_start	48	static,ignoring_inline_asm
nxd_http_client.c:1829:7:_nxe_http_client_put_start_extended	56	static,ignoring_inline_asm
nxd_http_client.c:1923:7:_nx_http_client_put_start	56	static
nxd_http_client.c:2009:7:_nx_http_client_put_start_extended	64	static
nxd_http_client.c:2091:7:_nxde_http_client_put_start	48	static,ignoring_inline_asm
nxd_http_client.c:2169:7:_nxde_http_client_put_start_extended	56	static,ignoring_inline_asm
nxd_http_client.c:2249:7:_nxd_http_client_put_start	64	static
nxd_http_client.c:2358:7:_nxd_http_client_put_start_extended	176	static
nxd_http_client.c:2632:7:_nxe_http_client_put_packet	32	static,ignoring_inline_asm
nxd_http_client.c:2709:7:_nx_http_client_put_packet	40	static
nxd_http_client.c:2897:7:_nx_http_client_type_get	24	static
nxd_http_client.c:3077:7:_nx_http_client_content_length_get	32	static
nxd_http_client.c:3207:7:_nx_http_client_calculate_content_offset	24	static
nxd_http_client.c:3291:7:_nx_http_client_number_convert	32	static
