azure_iot_nx_client.c:43:13:printf_packet	16	static
azure_iot_nx_client.c:56:13:connection_status_callback	24	static
azure_iot_nx_client.c:74:13:message_receive_command	24	static
azure_iot_nx_client.c:80:13:message_receive_callback_properties	24	static
azure_iot_nx_client.c:86:13:message_receive_callback_writable_property	24	static
azure_iot_nx_client.c:92:13:periodic_timer_entry	24	static
azure_iot_nx_client.c:98:13:iot_hub_initialize	96	static
azure_iot_nx_client.c:221:13:dps_initialize	240	static
azure_iot_nx_client.c:354:13:process_connect	24	static
azure_iot_nx_client.c:371:13:process_disconnect	24	static
azure_iot_nx_client.c:384:13:process_properties_complete	16	static
azure_iot_nx_client.c:392:13:process_command	96	static
azure_iot_nx_client.c:446:13:process_properties_shared	312	static
azure_iot_nx_client.c:527:13:process_properties	40	static
azure_iot_nx_client.c:562:13:process_writable_properties	40	static
azure_iot_nx_client.c:595:13:process_timer_event	16	static
azure_iot_nx_client.c:603:6:azure_nx_client_periodic_interval_set	40	static
azure_iot_nx_client.c:633:6:azure_iot_nx_client_publish_telemetry	136	static
azure_iot_nx_client.c:683:13:reported_properties_begin	40	static
azure_iot_nx_client.c:716:13:reported_properties_end	40	static
azure_iot_nx_client.c:755:6:azure_iot_nx_client_publish_properties	112	static
azure_iot_nx_client.c:776:6:azure_iot_nx_client_publish_bool_property	120	static
azure_iot_nx_client.c:797:6:azure_nx_client_respond_int_writable_property	144	static
azure_iot_nx_client.c:832:6:azure_iot_nx_client_publish_int_writable_property	32	static
azure_iot_nx_client.c:839:6:azure_iot_nx_client_register_command_callback	16	static
azure_iot_nx_client.c:850:6:azure_iot_nx_client_register_writable_property_callback	16	static
azure_iot_nx_client.c:862:6:azure_iot_nx_client_register_property_callback	16	static
azure_iot_nx_client.c:874:6:azure_iot_nx_client_register_properties_complete_callback	16	static
azure_iot_nx_client.c:886:6:azure_iot_nx_client_register_timer_callback	24	static
azure_iot_nx_client.c:901:6:azure_iot_nx_client_sas_set	16	static
azure_iot_nx_client.c:916:6:azure_iot_nx_client_cert_set	48	static
azure_iot_nx_client.c:948:6:azure_iot_nx_client_create	56	static
azure_iot_nx_client.c:1046:13:client_run	40	static
azure_iot_nx_client.c:1098:6:azure_iot_nx_client_hub_run	24	static
azure_iot_nx_client.c:1122:6:azure_iot_nx_client_dps_run	24	static
