nxd_sntp_client.c:133:7:_nxe_sntp_client_create	48	static
nxd_sntp_client.c:223:7:_nx_sntp_client_create	64	static
nxd_sntp_client.c:424:7:_nxe_sntp_client_delete	24	static,ignoring_inline_asm
nxd_sntp_client.c:496:7:_nx_sntp_client_delete	16	static
nxd_sntp_client.c:571:7:_nx_sntp_client_update_timeout_entry	24	static
nxd_sntp_client.c:657:7:_nx_sntp_client_create_time_request_packet	24	static
nxd_sntp_client.c:738:7:_nxde_sntp_client_initialize_unicast	24	static,ignoring_inline_asm
nxd_sntp_client.c:809:7:_nxd_sntp_client_initialize_unicast	16	static
nxd_sntp_client.c:896:7:_nxe_sntp_client_initialize_unicast	24	static,ignoring_inline_asm
nxd_sntp_client.c:975:7:_nx_sntp_client_initialize_unicast	32	static
nxd_sntp_client.c:1038:7:_nxe_sntp_client_run_unicast	24	static,ignoring_inline_asm
nxd_sntp_client.c:1107:7:_nx_sntp_client_run_unicast	24	static
nxd_sntp_client.c:1280:7:_nx_sntp_client_process_unicast	32	static
nxd_sntp_client.c:1419:7:_nxde_sntp_client_initialize_broadcast	32	static,ignoring_inline_asm
nxd_sntp_client.c:1499:7:_nxd_sntp_client_initialize_broadcast	24	static
nxd_sntp_client.c:1611:7:_nxe_sntp_client_initialize_broadcast	32	static,ignoring_inline_asm
nxd_sntp_client.c:1694:7:_nx_sntp_client_initialize_broadcast	40	static
nxd_sntp_client.c:1773:7:_nxe_sntp_client_stop	24	static
nxd_sntp_client.c:1838:7:_nx_sntp_client_stop	24	static
nxd_sntp_client.c:1955:7:_nxe_sntp_client_run_broadcast	24	static,ignoring_inline_asm
nxd_sntp_client.c:2025:7:_nx_sntp_client_run_broadcast	24	static
nxd_sntp_client.c:2170:6:_nx_sntp_client_process_broadcast	32	static
nxd_sntp_client.c:2288:7:_nx_sntp_client_send_unicast_request	40	static
nxd_sntp_client.c:2487:7:_nx_sntp_client_receive_time_update	64	static
nxd_sntp_client.c:2768:7:_nx_sntp_client_extract_time_message_from_packet	24	static
nxd_sntp_client.c:2935:7:_nx_sntp_client_reset_current_time_message	16	static
nxd_sntp_client.c:3007:7:_nx_sntp_client_process_update_packet	24	static
nxd_sntp_client.c:3113:7:_nx_sntp_client_duplicate_update_check	24	static
nxd_sntp_client.c:3193:7:_nx_sntp_client_apply_sanity_checks	56	static
nxd_sntp_client.c:3456:7:_nx_sntp_client_check_server_clock_dispersion	32	static
nxd_sntp_client.c:3566:7:_nx_sntp_client_thread_entry	32	static
nxd_sntp_client.c:3657:7:_nx_sntp_client_receive_notify	16	static
nxd_sntp_client.c:3712:7:_nx_sntp_client_process	16	static
nxd_sntp_client.c:3786:7:_nx_sntp_client_process_time_data	48	static
nxd_sntp_client.c:3927:7:_nx_sntp_client_calculate_roundtrip	24	static
nxd_sntp_client.c:4001:7:_nxe_sntp_client_get_local_time	32	static,ignoring_inline_asm
nxd_sntp_client.c:4072:7:_nx_sntp_client_get_local_time	40	static
nxd_sntp_client.c:4127:7:_nxe_sntp_client_get_local_time_extended	40	static,ignoring_inline_asm
nxd_sntp_client.c:4200:7:_nx_sntp_client_get_local_time_extended	40	static
nxd_sntp_client.c:4317:7:_nx_sntp_client_utility_convert_time_to_UCHAR	32	static
nxd_sntp_client.c:4415:6:_nx_sntp_client_utility_convert_seconds_to_date	64	static
nxd_sntp_client.c:4670:6:_nxe_sntp_client_utility_display_date_time	32	static
nxd_sntp_client.c:4739:6:_nxe_sntp_client_request_unicast_time	24	static
nxd_sntp_client.c:4802:6:_nx_sntp_client_request_unicast_time	24	static
nxd_sntp_client.c:4888:6:_nx_sntp_client_utility_display_date_time	128	static
nxd_sntp_client.c:5043:7:_nx_sntp_client_utility_add_msecs_to_ntp_time	32	static
nxd_sntp_client.c:5166:6:_nxe_sntp_client_receiving_updates	24	static
nxd_sntp_client.c:5234:6:_nx_sntp_client_receiving_updates	16	static
nxd_sntp_client.c:5296:7:_nxe_sntp_client_set_local_time	32	static
nxd_sntp_client.c:5374:7:_nx_sntp_client_set_local_time	24	static
nxd_sntp_client.c:5430:9:_nxe_sntp_client_set_time_update_notify	24	static
nxd_sntp_client.c:5489:9:_nx_sntp_client_set_time_update_notify	16	static
nxd_sntp_client.c:5565:7:_nx_sntp_client_utility_get_msec_diff	48	static
nxd_sntp_client.c:5723:6:_nx_sntp_client_utility_is_zero_data	24	static
nxd_sntp_client.c:5794:7:_nx_sntp_client_utility_convert_fraction_to_msecs	24	static
nxd_sntp_client.c:5861:9:_nxe_sntp_client_utility_usecs_to_fraction	24	static
nxd_sntp_client.c:5925:7:_nx_sntp_client_utility_usecs_to_fraction	24	static
nxd_sntp_client.c:5984:9:_nxe_sntp_client_utility_msecs_to_fraction	24	static
nxd_sntp_client.c:6050:7:_nx_sntp_client_utility_msecs_to_fraction	24	static
nxd_sntp_client.c:6126:9:_nxe_sntp_client_utility_fraction_to_usecs	24	static
nxd_sntp_client.c:6188:7:_nx_sntp_client_utility_fraction_to_usecs	32	static
nxd_sntp_client.c:6255:7:_nx_sntp_client_utility_convert_refID_KOD_code	16	static
nxd_sntp_client.c:6374:7:_nx_sntp_client_utility_addition_overflow_check	32	static
nxd_sntp_client.c:6452:13:_nx_sntp_client_number_to_ascii	40	static
