nxd_ftp_client.c:101:7:_nxe_ftp_client_connect	40	static,ignoring_inline_asm
nxd_ftp_client.c:185:7:_nx_ftp_client_connect	40	static
nxd_ftp_client.c:257:7:_nxde_ftp_client_connect	40	static,ignoring_inline_asm
nxd_ftp_client.c:329:7:_nxd_ftp_client_connect	32	static
nxd_ftp_client.c:387:7:_nx_ftp_client_connect_internal	48	static
nxd_ftp_client.c:861:7:_nxe_ftp_client_create	40	static
nxd_ftp_client.c:927:7:_nx_ftp_client_create	56	static
nxd_ftp_client.c:1035:7:_nx_ftp_client_data_disconnect	16	static
nxd_ftp_client.c:1083:7:_nxe_ftp_client_delete	24	static,ignoring_inline_asm
nxd_ftp_client.c:1145:7:_nx_ftp_client_delete	16	static
nxd_ftp_client.c:1210:7:_nxe_ftp_client_directory_create	32	static,ignoring_inline_asm
nxd_ftp_client.c:1279:7:_nx_ftp_client_directory_create	40	static
nxd_ftp_client.c:1446:7:_nxe_ftp_client_directory_default_set	32	static,ignoring_inline_asm
nxd_ftp_client.c:1515:7:_nx_ftp_client_directory_default_set	40	static
nxd_ftp_client.c:1683:7:_nxe_ftp_client_directory_delete	32	static,ignoring_inline_asm
nxd_ftp_client.c:1752:7:_nx_ftp_client_directory_delete	40	static
nxd_ftp_client.c:1922:7:_nxe_ftp_client_directory_listing_get	32	static,ignoring_inline_asm
nxd_ftp_client.c:2000:7:_nx_ftp_client_directory_listing_get	40	static
nxd_ftp_client.c:2276:7:_nxe_ftp_client_directory_listing_continue	32	static,ignoring_inline_asm
nxd_ftp_client.c:2346:7:_nx_ftp_client_directory_listing_continue	40	static
nxd_ftp_client.c:2461:7:_nxe_ftp_client_disconnect	24	static,ignoring_inline_asm
nxd_ftp_client.c:2528:7:_nx_ftp_client_disconnect	32	static
nxd_ftp_client.c:2698:7:_nxe_ftp_client_file_close	24	static,ignoring_inline_asm
nxd_ftp_client.c:2766:7:_nx_ftp_client_file_close	32	static
nxd_ftp_client.c:2864:7:_nxe_ftp_client_file_delete	32	static,ignoring_inline_asm
nxd_ftp_client.c:2933:7:_nx_ftp_client_file_delete	40	static
nxd_ftp_client.c:3099:7:_nxe_ftp_client_passive_mode_set	24	static
nxd_ftp_client.c:3164:7:_nx_ftp_client_passive_mode_set	16	static
nxd_ftp_client.c:3215:7:_nxe_ftp_client_transfer_mode_set	24	static,ignoring_inline_asm
nxd_ftp_client.c:3278:7:_nx_ftp_client_transfer_mode_set	16	static
nxd_ftp_client.c:3341:7:_nxe_ftp_client_file_open	32	static,ignoring_inline_asm
nxd_ftp_client.c:3420:7:_nx_ftp_client_file_open	40	static
nxd_ftp_client.c:3788:7:_nxe_ftp_client_file_read	32	static,ignoring_inline_asm
nxd_ftp_client.c:3853:7:_nx_ftp_client_file_read	32	static
nxd_ftp_client.c:3936:7:_nxe_ftp_client_file_rename	32	static,ignoring_inline_asm
nxd_ftp_client.c:4007:7:_nx_ftp_client_file_rename	40	static
nxd_ftp_client.c:4267:7:_nxe_ftp_client_file_size_set	24	static,ignoring_inline_asm
nxd_ftp_client.c:4333:7:_nx_ftp_client_file_size_set	24	static
nxd_ftp_client.c:4417:7:_nxe_ftp_client_file_write	32	static,ignoring_inline_asm
nxd_ftp_client.c:4483:7:_nx_ftp_client_file_write	32	static
nxd_ftp_client.c:4886:6:_nx_ftp_client_packet_allocate	32	static
nxd_ftp_client.c:4975:7:_nx_ftp_client_active_transfer_setup	48	static
nxd_ftp_client.c:5286:7:_nx_ftp_client_passive_transfer_setup	48	static
nxd_ftp_client.c:5727:7:_nx_ftp_client_data_socket_cleanup	16	static
nxd_ftp_client.c:5799:7:_nx_ftp_client_block_mode_send	32	static
nxd_ftp_client.c:5930:7:_nx_ftp_client_block_header_send	32	static
nxd_ftp_client.c:6042:7:_nx_ftp_client_block_header_retrieve	32	static
