wifi.c:32:15:WIFI_Init	24	static
wifi.c:57:15:WIFI_ListAccessPoints	464	static
wifi.c:93:15:WIFI_Connect	32	static
wifi.c:110:15:WIFI_IsConnected	8	static
wifi.c:124:15:WIFI_GetMAC_Address	24	static
wifi.c:139:15:WIFI_GetIP_Address	24	static
wifi.c:155:15:WIFI_GetIP_Mask	24	static
wifi.c:171:15:WIFI_GetGateway_Address	24	static
wifi.c:187:15:WIFI_GetDNS_Address	24	static
wifi.c:205:15:WIFI_Disconnect	16	static
wifi.c:226:15:WIFI_ConfigureAP	96	static
wifi.c:249:15:WIFI_HandleAPEvents	24	static
wifi.c:286:15:WIFI_Ping	40	static
wifi.c:303:15:WIFI_GetHostAddress	24	static
wifi.c:323:15:WIFI_OpenClientConnection	48	static
wifi.c:347:15:WIFI_CloseClientConnection	40	static
wifi.c:367:15:WIFI_StartServer	48	static
wifi.c:387:15:WIFI_WaitServerConnection	48	static
wifi.c:423:15:WIFI_CloseServerConnection	24	static
wifi.c:438:15:WIFI_StopServer	24	static
wifi.c:457:15:WIFI_SendData	40	static
wifi.c:479:15:WIFI_SendDataTo	48	static
wifi.c:499:15:WIFI_ReceiveData	40	static
wifi.c:520:15:WIFI_ReceiveDataFrom	48	static
wifi.c:537:15:WIFI_SetOEMProperties	24	static
wifi.c:555:15:WIFI_ResetModule	16	static
wifi.c:570:15:WIFI_SetModuleDefault	16	static
wifi.c:587:15:WIFI_ModuleFirmwareUpdate	16	static
wifi.c:597:15:WIFI_GetModuleFwRevision	24	static
wifi.c:614:15:WIFI_GetModuleID	24	static
wifi.c:631:15:WIFI_GetModuleName	24	static
