nxd_pop3_client.c:118:7:_nxe_pop3_client_create	48	static
nxd_pop3_client.c:215:7:_nx_pop3_client_create	56	static
nxd_pop3_client.c:300:7:_nxde_pop3_client_create	48	static
nxd_pop3_client.c:388:7:_nxd_pop3_client_create	64	static
nxd_pop3_client.c:486:7:_nxe_pop3_client_delete	24	static
nxd_pop3_client.c:550:7:_nx_pop3_client_delete	16	static
nxd_pop3_client.c:618:6:_nxe_pop3_client_mail_items_get	32	static
nxd_pop3_client.c:687:6:_nx_pop3_client_mail_items_get	72	static
nxd_pop3_client.c:874:6:_nxe_pop3_client_mail_item_size_get	32	static
nxd_pop3_client.c:954:6:_nx_pop3_client_mail_item_size_get	80	static
nxd_pop3_client.c:1156:6:_nxe_pop3_client_mail_item_get	32	static
nxd_pop3_client.c:1232:6:_nx_pop3_client_mail_item_get	80	static
nxd_pop3_client.c:1455:6:_nxe_pop3_client_mail_item_message_get	32	static
nxd_pop3_client.c:1527:6:_nx_pop3_client_mail_item_message_get	40	static
nxd_pop3_client.c:1649:6:_nxe_pop3_client_mail_item_delete	24	static
nxd_pop3_client.c:1727:6:_nx_pop3_client_mail_item_delete	72	static
nxd_pop3_client.c:1892:6:_nxe_pop3_client_quit	24	static
nxd_pop3_client.c:1953:7:_nx_pop3_client_quit	64	static
nxd_pop3_client.c:2110:7:_nx_pop3_digest_authenticate	40	static
nxd_pop3_client.c:2175:6:_nx_pop3_parse_process_id	40	static
nxd_pop3_client.c:2283:7:_nx_pop3_parse_response	48	static
nxd_pop3_client.c:2469:7:_nx_pop3_hex_ascii_convert	40	static
nxd_pop3_client.c:2551:7:_nx_pop3_server_number_convert	32	static
nxd_pop3_client.c:2666:6:_nxd_pop3_client_connect	64	static
nxd_pop3_client.c:2825:6:_nx_pop3_client_apop	224	static
nxd_pop3_client.c:3052:6:_nx_pop3_client_user_pass	80	static
