nxd_snmp.c:165:7:_nxe_snmp_agent_authenticate_key_use	24	static
nxd_snmp.c:237:7:_nx_snmp_agent_authenticate_key_use	16	static
nxd_snmp.c:297:7:_nxe_snmp_agent_auth_trap_key_use	24	static
nxd_snmp.c:369:9:_nx_snmp_agent_auth_trap_key_use	16	static
nxd_snmp.c:431:7:_nxe_snmp_agent_community_get	24	static
nxd_snmp.c:491:7:_nx_snmp_agent_community_get	16	static
nxd_snmp.c:547:7:_nxe_snmp_agent_context_engine_set	32	static
nxd_snmp.c:612:7:_nx_snmp_agent_context_engine_set	32	static
nxd_snmp.c:692:7:_nxe_snmp_agent_context_name_set	32	static
nxd_snmp.c:757:7:_nx_snmp_agent_context_name_set	32	static
nxd_snmp.c:830:7:_nxe_snmp_agent_v3_context_boots_set	24	static
nxd_snmp.c:890:7:_nx_snmp_agent_v3_context_boots_set	16	static
nxd_snmp.c:953:7:_nxe_snmp_agent_create	56	static
nxd_snmp.c:1040:7:_nx_snmp_agent_create	64	static
nxd_snmp.c:1189:6:_nxe_snmp_agent_request_get_type_test	24	static
nxd_snmp.c:1247:7:_nx_snmp_agent_request_get_type_test	16	static
nxd_snmp.c:1295:7:_nxe_snmp_agent_delete	24	static
nxd_snmp.c:1355:7:_nx_snmp_agent_delete	16	static
nxd_snmp.c:1420:6:_nxe_snmp_agent_current_version_get	24	static
nxd_snmp.c:1475:6:_nx_snmp_agent_current_version_get	16	static
nxd_snmp.c:1529:6:_nxe_snmp_agent_version_set	32	static
nxd_snmp.c:1597:6:_nx_snmp_agent_version_set	24	static
nxd_snmp.c:1654:6:_nxe_snmp_agent_set_interface	24	static
nxd_snmp.c:1715:6:_nx_snmp_agent_set_interface	16	static
nxd_snmp.c:1768:7:_nxe_snmp_agent_md5_key_create	32	static
nxd_snmp.c:1832:7:_nx_snmp_agent_md5_key_create	32	static
nxd_snmp.c:1916:7:_nxe_snmp_agent_md5_key_create_extended	32	static
nxd_snmp.c:1983:7:_nx_snmp_agent_md5_key_create_extended	200	static
nxd_snmp.c:2101:7:_nxe_snmp_agent_privacy_key_use	24	static
nxd_snmp.c:2172:7:_nx_snmp_agent_privacy_key_use	16	static
nxd_snmp.c:2234:7:_nxe_snmp_agent_priv_trap_key_use	24	static
nxd_snmp.c:2306:7:_nx_snmp_agent_priv_trap_key_use	16	static
nxd_snmp.c:2366:7:_nxe_snmp_agent_sha_key_create	32	static
nxd_snmp.c:2431:7:_nx_snmp_agent_sha_key_create	32	static
nxd_snmp.c:2515:7:_nxe_snmp_agent_sha_key_create_extended	32	static
nxd_snmp.c:2582:7:_nx_snmp_agent_sha_key_create_extended	536	static
nxd_snmp.c:2704:6:_nxe_snmp_agent_public_string_test	32	static
nxd_snmp.c:2765:6:_nx_snmp_agent_public_string_test	32	static
nxd_snmp.c:2846:6:_nxe_snmp_agent_private_string_test	32	static
nxd_snmp.c:2909:6:_nx_snmp_agent_private_string_test	32	static
nxd_snmp.c:2986:6:_nxe_snmp_agent_private_string_set	24	static
nxd_snmp.c:3049:6:_nx_snmp_agent_private_string_set	24	static
nxd_snmp.c:3117:6:_nxe_snmp_agent_public_string_set	24	static
nxd_snmp.c:3177:6:_nx_snmp_agent_public_string_set	24	static
nxd_snmp.c:3243:7:_nxe_snmp_agent_start	24	static
nxd_snmp.c:3300:7:_nx_snmp_agent_start	24	static
nxd_snmp.c:3368:7:_nxe_snmp_agent_stop	24	static
nxd_snmp.c:3425:7:_nx_snmp_agent_stop	16	static
nxd_snmp.c:3487:7:_nx_snmp_agent_thread_entry	56	static
nxd_snmp.c:3788:7:_nxe_snmp_agent_trap_send	48	static
nxd_snmp.c:3882:7:_nx_snmp_agent_trap_send	56	static
nxd_snmp.c:3964:7:_nxde_snmp_agent_trap_send	48	static
nxd_snmp.c:4052:7:_nxd_snmp_agent_trap_send	368	static
nxd_snmp.c:4667:7:_nxe_snmp_agent_trapv2_send	40	static
nxd_snmp.c:4751:7:_nx_snmp_agent_trapv2_send	48	static
nxd_snmp.c:4827:7:_nxde_snmp_agent_trapv2_send	40	static
nxd_snmp.c:4911:7:_nxd_snmp_agent_trapv2_send	368	static
nxd_snmp.c:5640:7:_nxe_snmp_agent_trapv2_oid_send	40	static
nxd_snmp.c:5722:7:_nx_snmp_agent_trapv2_oid_send	48	static
nxd_snmp.c:5797:7:_nxde_snmp_agent_trapv2_oid_send	40	static
nxd_snmp.c:5884:7:_nxd_snmp_agent_trapv2_oid_send	368	static
nxd_snmp.c:6569:7:_nxe_snmp_agent_trapv3_send	40	static
nxd_snmp.c:6654:7:_nx_snmp_agent_trapv3_send	48	static
nxd_snmp.c:6731:7:_nxde_snmp_agent_trapv3_send	40	static
nxd_snmp.c:6823:7:_nxd_snmp_agent_trapv3_send	568	static
nxd_snmp.c:8385:7:_nxe_snmp_agent_trapv3_oid_send	40	static
nxd_snmp.c:8467:7:_nx_snmp_agent_trapv3_oid_send	48	static
nxd_snmp.c:8542:7:_nxde_snmp_agent_trapv3_oid_send	40	static
nxd_snmp.c:8635:7:_nxd_snmp_agent_trapv3_oid_send	568	static
nxd_snmp.c:10102:7:_nxe_snmp_object_compare	24	static
nxd_snmp.c:10162:7:_nx_snmp_object_compare	32	static
nxd_snmp.c:10229:7:_nxe_snmp_object_compare_extended	24	static
nxd_snmp.c:10287:7:_nx_snmp_object_compare_extended	48	static
nxd_snmp.c:10426:7:_nxe_snmp_object_copy	24	static
nxd_snmp.c:10488:7:_nx_snmp_object_copy	24	static
nxd_snmp.c:10564:7:_nxe_snmp_object_copy_extended	24	static
nxd_snmp.c:10626:7:_nx_snmp_object_copy_extended	32	static
nxd_snmp.c:10695:7:_nxe_snmp_object_counter_get	24	static
nxd_snmp.c:10754:7:_nx_snmp_object_counter_get	24	static
nxd_snmp.c:10816:7:_nxe_snmp_object_counter_set	24	static
nxd_snmp.c:10875:7:_nx_snmp_object_counter_set	24	static
nxd_snmp.c:10942:7:_nxe_snmp_object_counter64_get	24	static
nxd_snmp.c:11001:7:_nx_snmp_object_counter64_get	24	static
nxd_snmp.c:11064:7:_nxe_snmp_object_counter64_set	24	static
nxd_snmp.c:11123:7:_nx_snmp_object_counter64_set	24	static
nxd_snmp.c:11223:7:_nxe_snmp_object_end_of_mib	24	static
nxd_snmp.c:11282:7:_nx_snmp_object_end_of_mib	16	static
nxd_snmp.c:11338:7:_nxe_snmp_object_gauge_get	24	static
nxd_snmp.c:11397:7:_nx_snmp_object_gauge_get	24	static
nxd_snmp.c:11459:7:_nxe_snmp_object_gauge_set	24	static
nxd_snmp.c:11518:7:_nx_snmp_object_gauge_set	24	static
nxd_snmp.c:11585:7:_nxe_snmp_object_id_get	24	static
nxd_snmp.c:11645:7:_nx_snmp_object_id_get	32	static
nxd_snmp.c:11724:7:_nxe_snmp_object_id_set	24	static
nxd_snmp.c:11783:7:_nx_snmp_object_id_set	16	static
nxd_snmp.c:11844:7:_nxe_snmp_object_integer_get	24	static
nxd_snmp.c:11903:7:_nx_snmp_object_integer_get	24	static
nxd_snmp.c:11965:7:_nxe_snmp_object_integer_set	24	static
nxd_snmp.c:12024:7:_nx_snmp_object_integer_set	24	static
nxd_snmp.c:12373:7:_nxe_snmp_object_ip_address_get	24	static
nxd_snmp.c:12432:7:_nx_snmp_object_ip_address_get	24	static
nxd_snmp.c:12495:7:_nxe_snmp_object_ip_address_set	24	static
nxd_snmp.c:12555:7:_nx_snmp_object_ip_address_set	24	static
nxd_snmp.c:12622:7:_nxe_snmp_object_no_instance	24	static
nxd_snmp.c:12681:7:_nx_snmp_object_no_instance	16	static
nxd_snmp.c:12737:7:_nxe_snmp_object_not_found	24	static
nxd_snmp.c:12796:7:_nx_snmp_object_not_found	16	static
nxd_snmp.c:12853:7:_nxe_snmp_object_octet_string_get	32	static
nxd_snmp.c:12917:7:_nx_snmp_object_octet_string_get	32	static
nxd_snmp.c:12996:7:_nxe_snmp_object_octet_string_set	24	static
nxd_snmp.c:13060:7:_nx_snmp_object_octet_string_set	24	static
nxd_snmp.c:13138:7:_nxe_snmp_object_string_get	24	static
nxd_snmp.c:13197:7:_nx_snmp_object_string_get	24	static
nxd_snmp.c:13283:7:_nxe_snmp_object_string_set	24	static
nxd_snmp.c:13346:7:_nx_snmp_object_string_set	24	static
nxd_snmp.c:13428:7:_nxe_snmp_object_timetics_get	24	static
nxd_snmp.c:13487:7:_nx_snmp_object_timetics_get	24	static
nxd_snmp.c:13550:7:_nxe_snmp_object_timetics_set	24	static
nxd_snmp.c:13610:7:_nx_snmp_object_timetics_set	24	static
nxd_snmp.c:13680:7:_nx_snmp_utility_community_get	40	static
nxd_snmp.c:13851:7:_nx_snmp_utility_community_set	40	static
nxd_snmp.c:13967:7:_nx_snmp_utility_error_info_get	24	static
nxd_snmp.c:14062:7:_nx_snmp_utility_error_info_set	24	static
nxd_snmp.c:14142:7:_nx_snmp_utility_object_id_get	72	static
nxd_snmp.c:14519:7:_nx_snmp_utility_object_id_set	64	static
nxd_snmp.c:14855:7:_nx_snmp_utility_object_id_set_1byte	56	static
nxd_snmp.c:15183:7:_nx_snmp_utility_object_data_get	80	static
nxd_snmp.c:15428:7:_nx_snmp_utility_object_data_set	40	static
nxd_snmp.c:15795:7:_nx_snmp_utility_octet_get	40	static
nxd_snmp.c:15964:7:_nx_snmp_utility_octet_set	32	static
nxd_snmp.c:16080:7:_nx_snmp_utility_sequence_get	48	static
nxd_snmp.c:16214:7:_nx_snmp_utility_sequence_set	24	static
nxd_snmp.c:16284:7:_nx_snmp_utility_sequence_set_1byte	24	static
nxd_snmp.c:16348:7:_nx_snmp_utility_request_id_get	48	static
nxd_snmp.c:16464:7:_nx_snmp_utility_request_id_set	32	static
nxd_snmp.c:16602:7:_nx_snmp_utility_request_type_get	48	static
nxd_snmp.c:16743:7:_nx_snmp_utility_request_type_set_1byte	24	static
nxd_snmp.c:16810:7:_nx_snmp_utility_request_type_set_multibyte	24	static
nxd_snmp.c:16881:7:_nx_snmp_utility_version_get	24	static
nxd_snmp.c:16971:7:_nx_snmp_utility_version_set	24	static
nxd_snmp.c:17047:7:_nx_snmp_version_error_response	48	static
nxd_snmp.c:17226:7:_nx_snmp_version_1_process	144	static
nxd_snmp.c:18241:7:_nx_snmp_version_2_process	152	static
nxd_snmp.c:19289:7:_nx_snmp_version_3_process	400	static
nxd_snmp.c:22028:7:_nx_snmp_version_3_report_send	168	static
nxd_snmp.c:23308:6:_nx_snmp_agent_add_auth_parameter	160	static
nxd_snmp.c:23497:6:_nx_snmp_agent_encrypt_pdu	176	static
nxd_snmp.c:23714:6:_nx_snmp_agent_decrypt_pdu	176	static
nxd_snmp.c:23923:6:_nx_snmp_agent_security_response_status	24	static
nxd_snmp.c:24036:6:_nx_snmp_utility_tlv_block_parse	40	static
