nx_pppoe_client.c:122:7:_nxe_pppoe_client_create	56	static
nx_pppoe_client.c:219:7:_nx_pppoe_client_create	64	static,ignoring_inline_asm
nx_pppoe_client.c:320:7:_nxe_pppoe_client_delete	24	static
nx_pppoe_client.c:379:7:_nx_pppoe_client_delete	40	static,ignoring_inline_asm
nx_pppoe_client.c:464:7:_nxe_pppoe_client_service_name_set	24	static
nx_pppoe_client.c:525:7:_nx_pppoe_client_service_name_set	24	static
nx_pppoe_client.c:590:7:_nxe_pppoe_client_service_name_set_extended	32	static
nx_pppoe_client.c:658:7:_nx_pppoe_client_service_name_set_extended	32	static
nx_pppoe_client.c:732:7:_nxe_pppoe_client_host_uniq_set	24	static
nx_pppoe_client.c:793:7:_nx_pppoe_client_host_uniq_set	24	static
nx_pppoe_client.c:856:7:_nxe_pppoe_client_host_uniq_set_extended	32	static
nx_pppoe_client.c:924:7:_nx_pppoe_client_host_uniq_set_extended	32	static
nx_pppoe_client.c:994:7:_nxe_pppoe_client_session_connect	24	static
nx_pppoe_client.c:1051:7:_nx_pppoe_client_session_connect	24	static
nx_pppoe_client.c:1152:7:_nxe_pppoe_client_session_packet_send	24	static
nx_pppoe_client.c:1243:7:_nx_pppoe_client_session_packet_send	24	static
nx_pppoe_client.c:1373:7:_nxe_pppoe_client_session_terminate	24	static
nx_pppoe_client.c:1433:7:_nx_pppoe_client_session_terminate	24	static
nx_pppoe_client.c:1515:7:_nxe_pppoe_client_session_get	32	static
nx_pppoe_client.c:1577:7:_nx_pppoe_client_session_get	24	static
nx_pppoe_client.c:1656:7:_nx_pppoe_client_packet_deferred_receive	40	static,ignoring_inline_asm
nx_pppoe_client.c:1767:13:_nx_pppoe_client_thread_entry	64	static,ignoring_inline_asm
nx_pppoe_client.c:2030:14:_nx_pppoe_client_timer_entry	24	static
nx_pppoe_client.c:2090:7:_nx_pppoe_client_packet_receive	40	static
nx_pppoe_client.c:2223:7:_nx_pppoe_client_discovery_packet_process	88	static
nx_pppoe_client.c:2653:14:_nx_pppoe_client_session_packet_process	48	static
nx_pppoe_client.c:2821:16:_nx_pppoe_client_discovery_send	40	static
nx_pppoe_client.c:3076:16:_nx_pppoe_client_packet_send	56	static
nx_pppoe_client.c:3155:15:_nx_pppoe_client_data_get	24	static
nx_pppoe_client.c:3217:14:_nx_pppoe_client_data_add	24	static
nx_pppoe_client.c:3295:14:_nx_pppoe_client_string_add	24	static
nx_pppoe_client.c:3353:14:_nx_pppoe_client_tag_string_add	24	static
nx_pppoe_client.c:3414:14:_nx_pppoe_client_session_cleanup	16	static
nx_pppoe_client.c:3477:14:_nx_pppoe_client_session_thread_suspend	48	static,ignoring_inline_asm
nx_pppoe_client.c:3582:7:_nx_pppoe_client_session_thread_resume	40	static,ignoring_inline_asm
nx_pppoe_client.c:3691:14:_nx_pppoe_client_session_connect_cleanup	56	static,ignoring_inline_asm
