nx_pppoe_server.c:119:7:_nxe_pppoe_server_create	56	static
nx_pppoe_server.c:213:7:_nx_pppoe_server_create	64	static,ignoring_inline_asm
nx_pppoe_server.c:328:7:_nxe_pppoe_server_ac_name_set	32	static
nx_pppoe_server.c:389:7:_nx_pppoe_server_ac_name_set	32	static
nx_pppoe_server.c:459:7:_nxe_pppoe_server_delete	24	static
nx_pppoe_server.c:518:7:_nx_pppoe_server_delete	40	static,ignoring_inline_asm
nx_pppoe_server.c:600:7:_nxe_pppoe_server_enable	24	static
nx_pppoe_server.c:663:7:_nx_pppoe_server_enable	16	static
nx_pppoe_server.c:723:7:_nxe_pppoe_server_disable	24	static
nx_pppoe_server.c:781:7:_nx_pppoe_server_disable	16	static
nx_pppoe_server.c:854:7:_nxe_pppoe_server_callback_notify_set	48	static
nx_pppoe_server.c:935:7:_nx_pppoe_server_callback_notify_set	24	static
nx_pppoe_server.c:1009:7:_nxe_pppoe_server_service_name_set	32	static
nx_pppoe_server.c:1071:7:_nx_pppoe_server_service_name_set	24	static
nx_pppoe_server.c:1136:7:_nxe_pppoe_server_session_send	32	static
nx_pppoe_server.c:1220:7:_nx_pppoe_server_session_send	48	static
nx_pppoe_server.c:1357:7:_nxe_pppoe_server_session_packet_send	32	static
nx_pppoe_server.c:1491:7:_nx_pppoe_server_session_packet_send	32	static
nx_pppoe_server.c:1604:7:_nxe_pppoe_server_session_terminate	24	static
nx_pppoe_server.c:1677:7:_nx_pppoe_server_session_terminate	24	static
nx_pppoe_server.c:1761:7:_nxe_pppoe_server_session_get	40	static
nx_pppoe_server.c:1827:7:_nx_pppoe_server_session_get	24	static
nx_pppoe_server.c:1907:7:_nx_pppoe_server_packet_deferred_receive	40	static,ignoring_inline_asm
nx_pppoe_server.c:2018:13:_nx_pppoe_server_thread_entry	56	static,ignoring_inline_asm
nx_pppoe_server.c:2260:7:_nx_pppoe_server_packet_receive	56	static
nx_pppoe_server.c:2392:7:_nx_pppoe_server_discovery_packet_process	72	static
nx_pppoe_server.c:2646:14:_nx_pppoe_server_session_packet_process	72	static
nx_pppoe_server.c:2842:16:_nx_pppoe_server_discovery_send	56	static
nx_pppoe_server.c:3163:16:_nx_pppoe_server_packet_send	56	static
nx_pppoe_server.c:3232:14:_nx_pppoe_server_tag_process	56	static
nx_pppoe_server.c:3553:15:_nx_pppoe_server_data_get	24	static
nx_pppoe_server.c:3615:14:_nx_pppoe_server_data_add	24	static
nx_pppoe_server.c:3693:14:_nx_pppoe_server_string_add	24	static
nx_pppoe_server.c:3751:14:_nx_pppoe_server_tag_string_add	24	static
nx_pppoe_server.c:3822:14:_nx_pppoe_server_session_find	32	static
nx_pppoe_server.c:3941:14:_nx_pppoe_server_session_cleanup	16	static
