nxd_telnet_client.c:87:7:_nxde_telnet_client_connect	32	static,ignoring_inline_asm
nxd_telnet_client.c:162:7:_nxd_telnet_client_connect	32	static
nxd_telnet_client.c:254:7:_nxe_telnet_client_connect	32	static,ignoring_inline_asm
nxd_telnet_client.c:337:7:_nx_telnet_client_connect	32	static
nxd_telnet_client.c:403:7:_nxe_telnet_client_create	32	static
nxd_telnet_client.c:465:7:_nx_telnet_client_create	56	static
nxd_telnet_client.c:544:7:_nxe_telnet_client_delete	24	static,ignoring_inline_asm
nxd_telnet_client.c:605:7:_nx_telnet_client_delete	16	static
nxd_telnet_client.c:665:7:_nxe_telnet_client_disconnect	24	static,ignoring_inline_asm
nxd_telnet_client.c:729:7:_nx_telnet_client_disconnect	16	static
nxd_telnet_client.c:794:7:_nxe_telnet_client_packet_receive	32	static,ignoring_inline_asm
nxd_telnet_client.c:858:7:_nx_telnet_client_packet_receive	32	static
nxd_telnet_client.c:915:7:_nxe_telnet_client_packet_send	32	static,ignoring_inline_asm
nxd_telnet_client.c:979:7:_nx_telnet_client_packet_send	32	static
