nxd_mdns.c:209:7:_nxe_mdns_create	64	static
nxd_mdns.c:364:7:_nx_mdns_create	64	static
nxd_mdns.c:657:7:_nxe_mdns_delete	24	static
nxd_mdns.c:729:7:_nx_mdns_delete	16	static
nxd_mdns.c:813:6:_nxe_mdns_cache_notify_set	24	static
nxd_mdns.c:879:6:_nx_mdns_cache_notify_set	16	static
nxd_mdns.c:938:6:_nxe_mdns_cache_notify_clear	24	static
nxd_mdns.c:1004:6:_nx_mdns_cache_notify_clear	16	static
nxd_mdns.c:1063:6:_nxe_mdns_service_ignore_set	24	static
nxd_mdns.c:1130:6:_nx_mdns_service_ignore_set	16	static
nxd_mdns.c:1190:6:_nxe_mdns_service_notify_set	32	static
nxd_mdns.c:1259:6:_nx_mdns_service_notify_set	24	static
nxd_mdns.c:1321:6:_nxe_mdns_service_notify_clear	24	static
nxd_mdns.c:1389:6:_nx_mdns_service_notify_clear	16	static
nxd_mdns.c:1460:6:_nxe_mdns_service_announcement_timing_set	48	static
nxd_mdns.c:1533:6:_nx_mdns_service_announcement_timing_set	24	static
nxd_mdns.c:1606:6:_nxe_mdns_enable	24	static
nxd_mdns.c:1678:6:_nx_mdns_enable	32	static
nxd_mdns.c:1906:6:_nxe_mdns_disable	24	static
nxd_mdns.c:1978:6:_nx_mdns_disable	32	static
nxd_mdns.c:2149:6:_nxe_mdns_domain_name_set	24	static
nxd_mdns.c:2217:6:_nx_mdns_domain_name_set	24	static
nxd_mdns.c:2304:6:_nxe_mdns_service_add	64	static
nxd_mdns.c:2430:6:_nx_mdns_service_add	96	static
nxd_mdns.c:2700:6:_nxe_mdns_service_delete	32	static
nxd_mdns.c:2773:6:_nx_mdns_service_delete	48	static
nxd_mdns.c:2850:6:_nx_mdns_service_interface_delete	72	static
nxd_mdns.c:3044:6:_nxe_mdns_service_one_shot_query	40	static
nxd_mdns.c:3149:6:_nx_mdns_service_one_shot_query	72	static
nxd_mdns.c:3332:13:_nx_mdns_one_shot_query	120	static
nxd_mdns.c:3491:6:_nxe_mdns_service_continuous_query	32	static
nxd_mdns.c:3622:6:_nx_mdns_service_continuous_query	64	static
nxd_mdns.c:3764:13:_nx_mdns_continuous_query	112	static
nxd_mdns.c:3888:6:_nxe_mdns_service_query_stop	32	static
nxd_mdns.c:3971:6:_nx_mdns_service_query_stop	64	static
nxd_mdns.c:4152:6:_nxe_mdns_service_lookup	40	static
nxd_mdns.c:4240:6:_nx_mdns_service_lookup	128	static
nxd_mdns.c:4581:6:_nxe_mdns_peer_cache_clear	24	static
nxd_mdns.c:4648:6:_nx_mdns_peer_cache_clear	32	static
nxd_mdns.c:4714:6:_nxe_mdns_host_address_get	40	static
nxd_mdns.c:4792:6:_nx_mdns_host_address_get	344	static
nxd_mdns.c:4998:13:_nx_mdns_rr_a_aaaa_add	120	static
nxd_mdns.c:5106:13:_nx_mdns_rr_ptr_add	120	static
nxd_mdns.c:5240:13:_nx_mdns_rr_srv_add	120	static
nxd_mdns.c:5376:13:_nx_mdns_rr_txt_add	120	static
nxd_mdns.c:5526:13:_nx_mdns_rr_nsec_add	128	static
nxd_mdns.c:5700:13:_nx_mdns_rr_parameter_set	48	static
nxd_mdns.c:5837:13:_nx_mdns_rr_delete	32	static
nxd_mdns.c:6020:6:_nxe_mdns_local_cache_clear	24	static
nxd_mdns.c:6087:6:_nx_mdns_local_cache_clear	32	static
nxd_mdns.c:6164:13:_nx_mdns_service_name_resolve	56	static
nxd_mdns.c:6316:13:_nx_mdns_service_name_assemble	32	static
nxd_mdns.c:6486:13:_nx_mdns_host_name_register	56	static
nxd_mdns.c:6640:13:_nx_mdns_timer_entry	24	static
nxd_mdns.c:6710:13:_nx_mdns_timer_set	64	static,ignoring_inline_asm
nxd_mdns.c:6813:13:_nx_mdns_timer_event_process	80	static
nxd_mdns.c:7448:13:_nx_mdns_udp_receive_notify	16	static
nxd_mdns.c:7505:13:_nx_mdns_ip_address_change_notify	16	static
nxd_mdns.c:7638:14:_nx_mdns_thread_entry	48	static
nxd_mdns.c:7845:13:_nx_mdns_packet_process	136	static
nxd_mdns.c:8330:16:_nx_mdns_probing_send	64	static
nxd_mdns.c:8567:16:_nx_mdns_announcing_send	56	static
nxd_mdns.c:8720:16:_nx_mdns_response_send	48	static
nxd_mdns.c:8890:16:_nx_mdns_query_send	56	static
nxd_mdns.c:9093:16:_nx_mdns_packet_create	32	static
nxd_mdns.c:9203:16:_nx_mdns_packet_send	40	static
nxd_mdns.c:9323:16:_nx_mdns_packet_rr_add	40	static
nxd_mdns.c:9685:13:_nx_mdns_packet_rr_set	64	static
nxd_mdns.c:9846:13:_nx_mdns_packet_rr_process	152	static
nxd_mdns.c:10163:13:_nx_mdns_packet_rr_data_set	64	static
nxd_mdns.c:10437:13:_nx_mdns_packet_address_check	48	static
nxd_mdns.c:10660:16:_nx_mdns_address_change_process	32	static
nxd_mdns.c:10776:13:_nx_mdns_conflict_process	80	static
nxd_mdns.c:11015:13:_nx_mdns_service_change_notify_process	688	static
nxd_mdns.c:11183:13:_nx_mdns_service_addition_info_get	64	static
nxd_mdns.c:11389:6:_nx_mdns_cache_initialize	32	static
nxd_mdns.c:11512:6:_nx_mdns_cache_add_resource_record	72	static
nxd_mdns.c:11754:6:_nx_mdns_cache_delete_resource_record	32	static
nxd_mdns.c:11856:6:_nx_mdns_cache_find_resource_record	40	static
nxd_mdns.c:12085:6:_nx_mdns_cache_add_string	72	static
nxd_mdns.c:12317:6:_nx_mdns_cache_delete_string	48	static
nxd_mdns.c:12504:6:_nx_mdns_cache_delete_rr_string	24	static
nxd_mdns.c:12579:6:_nx_mdns_additional_resource_record_find	24	static
nxd_mdns.c:12732:13:_nx_mdns_additional_a_aaaa_find	32	static
nxd_mdns.c:12811:13:_nx_mdns_known_answer_find	48	static
nxd_mdns.c:12929:13:_nx_mdns_query_check	48	static
nxd_mdns.c:13067:7:_nx_mdns_query_cleanup	40	static,ignoring_inline_asm
nxd_mdns.c:13194:7:_nx_mdns_query_thread_suspend	48	static,ignoring_inline_asm
nxd_mdns.c:13306:7:_nx_mdns_query_thread_resume	48	static,ignoring_inline_asm
nxd_mdns.c:13424:13:_nx_mdns_service_mask_match	40	static
nxd_mdns.c:13517:14:_nx_mdns_name_match	32	static
nxd_mdns.c:13597:14:_nx_mdns_txt_string_encode	24	static
nxd_mdns.c:13696:13:_nx_mdns_txt_string_decode	32	static
nxd_mdns.c:13792:14:_nx_mdns_name_size_calculate	24	static
nxd_mdns.c:13881:14:_nx_mdns_name_string_encode	24	static
nxd_mdns.c:13989:13:_nx_mdns_name_string_decode	48	static
nxd_mdns.c:14134:14:_nx_mdns_rr_size_get	24	static
nxd_mdns.c:14198:14:_nx_mdns_short_to_network_convert	16	static
nxd_mdns.c:14247:13:_nx_mdns_long_to_network_convert	16	static
