azure_iot_mqtt.c:41:14:azure_iot_certificate_verify	32	static
azure_iot_mqtt.c:56:6:azure_iot_mqtt_register_direct_method_callback	16	static
azure_iot_mqtt.c:68:6:azure_iot_mqtt_register_c2d_message_callback	16	static
azure_iot_mqtt.c:80:6:azure_iot_mqtt_register_device_twin_desired_prop_callback	16	static
azure_iot_mqtt.c:92:6:azure_iot_mqtt_register_device_twin_prop_callback	16	static
azure_iot_mqtt.c:104:6:tls_setup	48	static
azure_iot_mqtt.c:182:6:mqtt_publish	56	static
azure_iot_mqtt.c:200:13:mqtt_publish_float	144	static
azure_iot_mqtt.c:213:13:mqtt_publish_bool	232	static
azure_iot_mqtt.c:223:13:process_direct_method	104	static
azure_iot_mqtt.c:265:13:process_c2d_message	32	static
azure_iot_mqtt.c:297:13:process_device_twin_response	40	static
azure_iot_mqtt.c:321:13:process_device_twin_desired_prop_update	32	static
azure_iot_mqtt.c:340:13:mqtt_disconnect_cb	24	static
azure_iot_mqtt.c:353:13:mqtt_notify_cb	56	static
azure_iot_mqtt.c:408:13:azure_iot_mqtt_create_common	72	static
azure_iot_mqtt.c:454:6:azure_iot_mqtt_publish_float_property	128	static
azure_iot_mqtt.c:471:6:azure_iot_mqtt_publish_bool_property	128	static
azure_iot_mqtt.c:485:6:azure_iot_mqtt_publish_float_telemetry	128	static
azure_iot_mqtt.c:499:6:azure_iot_mqtt_publish_int_writeable_property	232	static
azure_iot_mqtt.c:520:6:azure_iot_mqtt_respond_int_writeable_property	240	static
azure_iot_mqtt.c:544:6:azure_iot_mqtt_respond_direct_method	128	static
azure_iot_mqtt.c:561:6:azure_iot_mqtt_device_twin_request	120	static
azure_iot_mqtt.c:573:6:azure_iot_mqtt_create	24	static
azure_iot_mqtt.c:609:6:azure_iot_mqtt_create_with_dps	32	static
azure_iot_mqtt.c:674:6:azure_iot_mqtt_delete	16	static
azure_iot_mqtt.c:682:6:azure_iot_mqtt_connect	160	static
azure_iot_mqtt.c:797:6:azure_iot_mqtt_disconnect	24	static
